========================================================================================================================
FAABE ABLATION – ALL 10 DATASETS
========================================================================================================================
Start: 2026-08-26T11:15:23.671737
Data dir: /home/paritosh/entertainment/FF/1Datasets
Results dir: /home/paritosh/entertainment/FF/1Datasets/results_FAABE_ABLATION_ALL_10_DATASETS
Device: cuda
GPU: NVIDIA A100 80GB PCIe
Variants: ['ABE_BASE', 'FAABE_NO_PEARSON', 'FAABE_NO_FIREFLY', 'FAABE_NO_IWM', 'FAABE_FULL']

########################################################################################################################
[1/10] Albrecht
########################################################################################################################
Albrecht: SUCCESS

########################################################################################################################
[2/10] China
########################################################################################################################
China: SUCCESS

########################################################################################################################
[3/10] COCOMO81
########################################################################################################################
COCOMO81: SUCCESS

########################################################################################################################
[4/10] Desharnais
########################################################################################################################
Desharnais: SUCCESS

########################################################################################################################
[5/10] Kemerer
########################################################################################################################
Kemerer: SUCCESS

########################################################################################################################
[6/10] Kitchenham
########################################################################################################################
Kitchenham: SUCCESS

########################################################################################################################
[7/10] Maxwell
########################################################################################################################
Maxwell: SUCCESS

########################################################################################################################
[8/10] Miyazaki94
########################################################################################################################
Miyazaki94: SUCCESS

########################################################################################################################
[9/10] Subbiah
########################################################################################################################
Subbiah: SUCCESS

########################################################################################################################
[10/10] Valdes-Souto
########################################################################################################################
Valdes-Souto: SUCCESS

========================================================================================================================
ABLATION COMPLETE
========================================================================================================================
Successful datasets: 10/10
Failed datasets: 0
Results: /home/paritosh/entertainment/FF/1Datasets/results_FAABE_ABLATION_ALL_10_DATASETS
