==============================================================================================================
ABLATION DATASET: Kitchenham
==============================================================================================================
Timestamp: 2026-08-26T12:23:03.213360
Device: cuda
GPU: NVIDIA A100 80GB PCIe
CUDA version: 12.1
Loaded: kitchenham.arff
Projects: 145
Predictors (3): ['Actual.duration', 'Adjusted.function.points', 'First.estimate']
Target: Actual.effort

--------------------------------------------------------------------------------------------------------------
OUTER FOLD 1/10
--------------------------------------------------------------------------------------------------------------
Pearson selected 3/3: ['Actual.duration', 'Adjusted.function.points', 'First.estimate']
Running FAABE_NO_PEARSON...
      Iteration   1/100 | Best training MMRE = 0.28143695
      Iteration  10/100 | Best training MMRE = 0.26410049
      Iteration  20/100 | Best training MMRE = 0.26272660
      Iteration  30/100 | Best training MMRE = 0.26074931
      Iteration  40/100 | Best training MMRE = 0.26074931
      Iteration  50/100 | Best training MMRE = 0.26074931
      Iteration  60/100 | Best training MMRE = 0.26074931
      Iteration  70/100 | Best training MMRE = 0.25944003
      Iteration  80/100 | Best training MMRE = 0.25944003
      Iteration  90/100 | Best training MMRE = 0.25944003
      Iteration 100/100 | Best training MMRE = 0.25944003
Running FAABE_NO_IWM...
      Iteration   1/100 | Best training MMRE = 0.35662961
      Iteration  10/100 | Best training MMRE = 0.26030645
      Iteration  20/100 | Best training MMRE = 0.26030645
      Iteration  30/100 | Best training MMRE = 0.25834671
      Iteration  40/100 | Best training MMRE = 0.25834671
      Iteration  50/100 | Best training MMRE = 0.25834671
      Iteration  60/100 | Best training MMRE = 0.25834671
      Iteration  70/100 | Best training MMRE = 0.25834671
      Iteration  80/100 | Best training MMRE = 0.25834671
      Iteration  90/100 | Best training MMRE = 0.25834671
      Iteration 100/100 | Best training MMRE = 0.25834671
Running FAABE_FULL...
      Iteration   1/100 | Best training MMRE = 0.29808652
      Iteration  10/100 | Best training MMRE = 0.26903889
      Iteration  20/100 | Best training MMRE = 0.26634002
      Iteration  30/100 | Best training MMRE = 0.26185045
      Iteration  40/100 | Best training MMRE = 0.26120812
      Iteration  50/100 | Best training MMRE = 0.26120812
      Iteration  60/100 | Best training MMRE = 0.26120812
      Iteration  70/100 | Best training MMRE = 0.26120812
      Iteration  80/100 | Best training MMRE = 0.26120812
      Iteration  90/100 | Best training MMRE = 0.26120812
      Iteration 100/100 | Best training MMRE = 0.26120812

--------------------------------------------------------------------------------------------------------------
OUTER FOLD 2/10
--------------------------------------------------------------------------------------------------------------
Pearson selected 3/3: ['Actual.duration', 'Adjusted.function.points', 'First.estimate']
Running FAABE_NO_PEARSON...
      Iteration   1/100 | Best training MMRE = 0.27649522
      Iteration  10/100 | Best training MMRE = 0.25049379
      Iteration  20/100 | Best training MMRE = 0.24824941
      Iteration  30/100 | Best training MMRE = 0.24824941
      Iteration  40/100 | Best training MMRE = 0.24824941
      Iteration  50/100 | Best training MMRE = 0.24824941
      Iteration  60/100 | Best training MMRE = 0.24824941
      Iteration  70/100 | Best training MMRE = 0.24824941
      Iteration  80/100 | Best training MMRE = 0.24824941
      Iteration  90/100 | Best training MMRE = 0.24824941
      Iteration 100/100 | Best training MMRE = 0.24824941
Running FAABE_NO_IWM...
      Iteration   1/100 | Best training MMRE = 0.26660642
      Iteration  10/100 | Best training MMRE = 0.24780209
      Iteration  20/100 | Best training MMRE = 0.24780209
      Iteration  30/100 | Best training MMRE = 0.24768008
      Iteration  40/100 | Best training MMRE = 0.24768008
      Iteration  50/100 | Best training MMRE = 0.24768008
      Iteration  60/100 | Best training MMRE = 0.24768008
      Iteration  70/100 | Best training MMRE = 0.24768008
      Iteration  80/100 | Best training MMRE = 0.24768008
      Iteration  90/100 | Best training MMRE = 0.24768008
      Iteration 100/100 | Best training MMRE = 0.24768008
Running FAABE_FULL...
      Iteration   1/100 | Best training MMRE = 0.27999470
      Iteration  10/100 | Best training MMRE = 0.24905659
      Iteration  20/100 | Best training MMRE = 0.24905659
      Iteration  30/100 | Best training MMRE = 0.24905659
      Iteration  40/100 | Best training MMRE = 0.24905659
      Iteration  50/100 | Best training MMRE = 0.24881308
      Iteration  60/100 | Best training MMRE = 0.24809101
      Iteration  70/100 | Best training MMRE = 0.24809101
      Iteration  80/100 | Best training MMRE = 0.24809101
      Iteration  90/100 | Best training MMRE = 0.24809101
      Iteration 100/100 | Best training MMRE = 0.24809101

--------------------------------------------------------------------------------------------------------------
OUTER FOLD 3/10
--------------------------------------------------------------------------------------------------------------
Pearson selected 3/3: ['Actual.duration', 'Adjusted.function.points', 'First.estimate']
Running FAABE_NO_PEARSON...
      Iteration   1/100 | Best training MMRE = 0.28123716
      Iteration  10/100 | Best training MMRE = 0.27256861
      Iteration  20/100 | Best training MMRE = 0.27222872
      Iteration  30/100 | Best training MMRE = 0.27222872
      Iteration  40/100 | Best training MMRE = 0.27209762
      Iteration  50/100 | Best training MMRE = 0.27040622
      Iteration  60/100 | Best training MMRE = 0.27040622
      Iteration  70/100 | Best training MMRE = 0.27040622
      Iteration  80/100 | Best training MMRE = 0.27040622
      Iteration  90/100 | Best training MMRE = 0.26960593
      Iteration 100/100 | Best training MMRE = 0.26884940
Running FAABE_NO_IWM...
      Iteration   1/100 | Best training MMRE = 0.33631262
      Iteration  10/100 | Best training MMRE = 0.26989374
      Iteration  20/100 | Best training MMRE = 0.26989374
      Iteration  30/100 | Best training MMRE = 0.26989374
      Iteration  40/100 | Best training MMRE = 0.26818594
      Iteration  50/100 | Best training MMRE = 0.26818594
      Iteration  60/100 | Best training MMRE = 0.26725614
      Iteration  70/100 | Best training MMRE = 0.26725614
      Iteration  80/100 | Best training MMRE = 0.26725614
      Iteration  90/100 | Best training MMRE = 0.26725614
      Iteration 100/100 | Best training MMRE = 0.26725614
Running FAABE_FULL...
      Iteration   1/100 | Best training MMRE = 0.29558918
      Iteration  10/100 | Best training MMRE = 0.27144954
      Iteration  20/100 | Best training MMRE = 0.26993445
      Iteration  30/100 | Best training MMRE = 0.26993445
      Iteration  40/100 | Best training MMRE = 0.26993445
      Iteration  50/100 | Best training MMRE = 0.26993445
      Iteration  60/100 | Best training MMRE = 0.26993445
      Iteration  70/100 | Best training MMRE = 0.26993445
      Iteration  80/100 | Best training MMRE = 0.26993445
      Iteration  90/100 | Best training MMRE = 0.26993445
      Iteration 100/100 | Best training MMRE = 0.26982605

--------------------------------------------------------------------------------------------------------------
OUTER FOLD 4/10
--------------------------------------------------------------------------------------------------------------
Pearson selected 3/3: ['Actual.duration', 'Adjusted.function.points', 'First.estimate']
Running FAABE_NO_PEARSON...
      Iteration   1/100 | Best training MMRE = 0.27071437
      Iteration  10/100 | Best training MMRE = 0.25911745
      Iteration  20/100 | Best training MMRE = 0.25704592
      Iteration  30/100 | Best training MMRE = 0.25704592
      Iteration  40/100 | Best training MMRE = 0.25704592
      Iteration  50/100 | Best training MMRE = 0.25704592
      Iteration  60/100 | Best training MMRE = 0.25704592
      Iteration  70/100 | Best training MMRE = 0.25704592
      Iteration  80/100 | Best training MMRE = 0.25704592
      Iteration  90/100 | Best training MMRE = 0.25704592
      Iteration 100/100 | Best training MMRE = 0.25704592
Running FAABE_NO_IWM...
      Iteration   1/100 | Best training MMRE = 0.29887632
      Iteration  10/100 | Best training MMRE = 0.25569144
      Iteration  20/100 | Best training MMRE = 0.25569144
      Iteration  30/100 | Best training MMRE = 0.25569144
      Iteration  40/100 | Best training MMRE = 0.25569144
      Iteration  50/100 | Best training MMRE = 0.25569144
      Iteration  60/100 | Best training MMRE = 0.25569144
      Iteration  70/100 | Best training MMRE = 0.25569144
      Iteration  80/100 | Best training MMRE = 0.25569144
      Iteration  90/100 | Best training MMRE = 0.25569144
      Iteration 100/100 | Best training MMRE = 0.25399768
Running FAABE_FULL...
      Iteration   1/100 | Best training MMRE = 0.30235362
      Iteration  10/100 | Best training MMRE = 0.26139161
      Iteration  20/100 | Best training MMRE = 0.25986457
      Iteration  30/100 | Best training MMRE = 0.25491443
      Iteration  40/100 | Best training MMRE = 0.25491443
      Iteration  50/100 | Best training MMRE = 0.25491443
      Iteration  60/100 | Best training MMRE = 0.25491443
      Iteration  70/100 | Best training MMRE = 0.25491443
      Iteration  80/100 | Best training MMRE = 0.25491443
      Iteration  90/100 | Best training MMRE = 0.25491443
      Iteration 100/100 | Best training MMRE = 0.25491443

--------------------------------------------------------------------------------------------------------------
OUTER FOLD 5/10
--------------------------------------------------------------------------------------------------------------
Pearson selected 3/3: ['Actual.duration', 'Adjusted.function.points', 'First.estimate']
Running FAABE_NO_PEARSON...
      Iteration   1/100 | Best training MMRE = 0.31887299
      Iteration  10/100 | Best training MMRE = 0.27429998
      Iteration  20/100 | Best training MMRE = 0.27148497
      Iteration  30/100 | Best training MMRE = 0.26986510
      Iteration  40/100 | Best training MMRE = 0.26986510
      Iteration  50/100 | Best training MMRE = 0.26986510
      Iteration  60/100 | Best training MMRE = 0.26986510
      Iteration  70/100 | Best training MMRE = 0.26986510
      Iteration  80/100 | Best training MMRE = 0.26974156
      Iteration  90/100 | Best training MMRE = 0.26974156
      Iteration 100/100 | Best training MMRE = 0.26974156
Running FAABE_NO_IWM...
      Iteration   1/100 | Best training MMRE = 0.29954413
      Iteration  10/100 | Best training MMRE = 0.27105319
      Iteration  20/100 | Best training MMRE = 0.27105319
      Iteration  30/100 | Best training MMRE = 0.26938885
      Iteration  40/100 | Best training MMRE = 0.26938885
      Iteration  50/100 | Best training MMRE = 0.26938885
      Iteration  60/100 | Best training MMRE = 0.26938885
      Iteration  70/100 | Best training MMRE = 0.26938885
      Iteration  80/100 | Best training MMRE = 0.26938885
      Iteration  90/100 | Best training MMRE = 0.26938885
      Iteration 100/100 | Best training MMRE = 0.26938885
Running FAABE_FULL...
      Iteration   1/100 | Best training MMRE = 0.30140939
      Iteration  10/100 | Best training MMRE = 0.27389321
      Iteration  20/100 | Best training MMRE = 0.27389321
      Iteration  30/100 | Best training MMRE = 0.27281395
      Iteration  40/100 | Best training MMRE = 0.27066290
      Iteration  50/100 | Best training MMRE = 0.27066290
      Iteration  60/100 | Best training MMRE = 0.26929438
      Iteration  70/100 | Best training MMRE = 0.26929438
      Iteration  80/100 | Best training MMRE = 0.26929438
      Iteration  90/100 | Best training MMRE = 0.26929438
      Iteration 100/100 | Best training MMRE = 0.26929438

--------------------------------------------------------------------------------------------------------------
OUTER FOLD 6/10
--------------------------------------------------------------------------------------------------------------
Pearson selected 3/3: ['Actual.duration', 'Adjusted.function.points', 'First.estimate']
Running FAABE_NO_PEARSON...
      Iteration   1/100 | Best training MMRE = 0.30061916
      Iteration  10/100 | Best training MMRE = 0.27935162
      Iteration  20/100 | Best training MMRE = 0.27748743
      Iteration  30/100 | Best training MMRE = 0.27748743
      Iteration  40/100 | Best training MMRE = 0.27748743
      Iteration  50/100 | Best training MMRE = 0.27748743
      Iteration  60/100 | Best training MMRE = 0.27568322
      Iteration  70/100 | Best training MMRE = 0.27568322
      Iteration  80/100 | Best training MMRE = 0.27568322
      Iteration  90/100 | Best training MMRE = 0.27568322
      Iteration 100/100 | Best training MMRE = 0.27568322
Running FAABE_NO_IWM...
      Iteration   1/100 | Best training MMRE = 0.29145378
      Iteration  10/100 | Best training MMRE = 0.27211499
      Iteration  20/100 | Best training MMRE = 0.27211499
      Iteration  30/100 | Best training MMRE = 0.27211499
      Iteration  40/100 | Best training MMRE = 0.27211499
      Iteration  50/100 | Best training MMRE = 0.27211499
      Iteration  60/100 | Best training MMRE = 0.27211499
      Iteration  70/100 | Best training MMRE = 0.27211499
      Iteration  80/100 | Best training MMRE = 0.27211499
      Iteration  90/100 | Best training MMRE = 0.27211499
      Iteration 100/100 | Best training MMRE = 0.27211499
Running FAABE_FULL...
      Iteration   1/100 | Best training MMRE = 0.29813707
      Iteration  10/100 | Best training MMRE = 0.27774662
      Iteration  20/100 | Best training MMRE = 0.27774662
      Iteration  30/100 | Best training MMRE = 0.27720684
      Iteration  40/100 | Best training MMRE = 0.27392188
      Iteration  50/100 | Best training MMRE = 0.27392188
      Iteration  60/100 | Best training MMRE = 0.27392188
      Iteration  70/100 | Best training MMRE = 0.27350402
      Iteration  80/100 | Best training MMRE = 0.27350402
      Iteration  90/100 | Best training MMRE = 0.27350402
      Iteration 100/100 | Best training MMRE = 0.27350402

--------------------------------------------------------------------------------------------------------------
OUTER FOLD 7/10
--------------------------------------------------------------------------------------------------------------
Pearson selected 3/3: ['Actual.duration', 'Adjusted.function.points', 'First.estimate']
Running FAABE_NO_PEARSON...
      Iteration   1/100 | Best training MMRE = 0.29396063
      Iteration  10/100 | Best training MMRE = 0.26738593
      Iteration  20/100 | Best training MMRE = 0.26095217
      Iteration  30/100 | Best training MMRE = 0.25882927
      Iteration  40/100 | Best training MMRE = 0.25882927
      Iteration  50/100 | Best training MMRE = 0.25882927
      Iteration  60/100 | Best training MMRE = 0.25869042
      Iteration  70/100 | Best training MMRE = 0.25869042
      Iteration  80/100 | Best training MMRE = 0.25859076
      Iteration  90/100 | Best training MMRE = 0.25859076
      Iteration 100/100 | Best training MMRE = 0.25859076
Running FAABE_NO_IWM...
      Iteration   1/100 | Best training MMRE = 0.29982519
      Iteration  10/100 | Best training MMRE = 0.26275903
      Iteration  20/100 | Best training MMRE = 0.26270458
      Iteration  30/100 | Best training MMRE = 0.26270458
      Iteration  40/100 | Best training MMRE = 0.26270458
      Iteration  50/100 | Best training MMRE = 0.26270458
      Iteration  60/100 | Best training MMRE = 0.26227501
      Iteration  70/100 | Best training MMRE = 0.25959748
      Iteration  80/100 | Best training MMRE = 0.25959748
      Iteration  90/100 | Best training MMRE = 0.25959748
      Iteration 100/100 | Best training MMRE = 0.25959748
Running FAABE_FULL...
      Iteration   1/100 | Best training MMRE = 0.27631640
      Iteration  10/100 | Best training MMRE = 0.26003718
      Iteration  20/100 | Best training MMRE = 0.25970402
      Iteration  30/100 | Best training MMRE = 0.25970402
      Iteration  40/100 | Best training MMRE = 0.25896791
      Iteration  50/100 | Best training MMRE = 0.25896791
      Iteration  60/100 | Best training MMRE = 0.25896791
      Iteration  70/100 | Best training MMRE = 0.25896791
      Iteration  80/100 | Best training MMRE = 0.25882256
      Iteration  90/100 | Best training MMRE = 0.25882256
      Iteration 100/100 | Best training MMRE = 0.25882256

--------------------------------------------------------------------------------------------------------------
OUTER FOLD 8/10
--------------------------------------------------------------------------------------------------------------
Pearson selected 3/3: ['Actual.duration', 'Adjusted.function.points', 'First.estimate']
Running FAABE_NO_PEARSON...
      Iteration   1/100 | Best training MMRE = 0.33304515
      Iteration  10/100 | Best training MMRE = 0.26539007
      Iteration  20/100 | Best training MMRE = 0.26539007
      Iteration  30/100 | Best training MMRE = 0.26539007
      Iteration  40/100 | Best training MMRE = 0.26539007
      Iteration  50/100 | Best training MMRE = 0.26387990
      Iteration  60/100 | Best training MMRE = 0.26387990
      Iteration  70/100 | Best training MMRE = 0.26387990
      Iteration  80/100 | Best training MMRE = 0.26387990
      Iteration  90/100 | Best training MMRE = 0.26387990
      Iteration 100/100 | Best training MMRE = 0.26387990
Running FAABE_NO_IWM...
      Iteration   1/100 | Best training MMRE = 0.31483313
      Iteration  10/100 | Best training MMRE = 0.26654413
      Iteration  20/100 | Best training MMRE = 0.26609674
      Iteration  30/100 | Best training MMRE = 0.26609674
      Iteration  40/100 | Best training MMRE = 0.26096383
      Iteration  50/100 | Best training MMRE = 0.26096383
      Iteration  60/100 | Best training MMRE = 0.26096383
      Iteration  70/100 | Best training MMRE = 0.26096383
      Iteration  80/100 | Best training MMRE = 0.26096383
      Iteration  90/100 | Best training MMRE = 0.26096383
      Iteration 100/100 | Best training MMRE = 0.26096383
Running FAABE_FULL...
      Iteration   1/100 | Best training MMRE = 0.26513603
      Iteration  10/100 | Best training MMRE = 0.26513603
      Iteration  20/100 | Best training MMRE = 0.26513603
      Iteration  30/100 | Best training MMRE = 0.26513603
      Iteration  40/100 | Best training MMRE = 0.26513603
      Iteration  50/100 | Best training MMRE = 0.26513603
      Iteration  60/100 | Best training MMRE = 0.26513603
      Iteration  70/100 | Best training MMRE = 0.26513603
      Iteration  80/100 | Best training MMRE = 0.26513603
      Iteration  90/100 | Best training MMRE = 0.26513603
      Iteration 100/100 | Best training MMRE = 0.26399291

--------------------------------------------------------------------------------------------------------------
OUTER FOLD 9/10
--------------------------------------------------------------------------------------------------------------
Pearson selected 3/3: ['Actual.duration', 'Adjusted.function.points', 'First.estimate']
Running FAABE_NO_PEARSON...
      Iteration   1/100 | Best training MMRE = 0.32406896
      Iteration  10/100 | Best training MMRE = 0.27689460
      Iteration  20/100 | Best training MMRE = 0.27689460
      Iteration  30/100 | Best training MMRE = 0.27384380
      Iteration  40/100 | Best training MMRE = 0.27384380
      Iteration  50/100 | Best training MMRE = 0.27384380
      Iteration  60/100 | Best training MMRE = 0.27384380
      Iteration  70/100 | Best training MMRE = 0.27384380
      Iteration  80/100 | Best training MMRE = 0.27384380
      Iteration  90/100 | Best training MMRE = 0.27384380
      Iteration 100/100 | Best training MMRE = 0.27384380
Running FAABE_NO_IWM...
      Iteration   1/100 | Best training MMRE = 0.30222410
      Iteration  10/100 | Best training MMRE = 0.27649468
      Iteration  20/100 | Best training MMRE = 0.27622584
      Iteration  30/100 | Best training MMRE = 0.27558517
      Iteration  40/100 | Best training MMRE = 0.27558517
      Iteration  50/100 | Best training MMRE = 0.27285501
      Iteration  60/100 | Best training MMRE = 0.27285501
      Iteration  70/100 | Best training MMRE = 0.27285501
      Iteration  80/100 | Best training MMRE = 0.27285501
      Iteration  90/100 | Best training MMRE = 0.27285501
      Iteration 100/100 | Best training MMRE = 0.27285501
Running FAABE_FULL...
      Iteration   1/100 | Best training MMRE = 0.29603094
      Iteration  10/100 | Best training MMRE = 0.27471802
      Iteration  20/100 | Best training MMRE = 0.27471802
      Iteration  30/100 | Best training MMRE = 0.27471802
      Iteration  40/100 | Best training MMRE = 0.27471802
      Iteration  50/100 | Best training MMRE = 0.27471802
      Iteration  60/100 | Best training MMRE = 0.27471802
      Iteration  70/100 | Best training MMRE = 0.27471802
      Iteration  80/100 | Best training MMRE = 0.27370629
      Iteration  90/100 | Best training MMRE = 0.27370629
      Iteration 100/100 | Best training MMRE = 0.27370629

--------------------------------------------------------------------------------------------------------------
OUTER FOLD 10/10
--------------------------------------------------------------------------------------------------------------
Pearson selected 3/3: ['Actual.duration', 'Adjusted.function.points', 'First.estimate']
Running FAABE_NO_PEARSON...
      Iteration   1/100 | Best training MMRE = 0.37464824
      Iteration  10/100 | Best training MMRE = 0.25776142
      Iteration  20/100 | Best training MMRE = 0.25640792
      Iteration  30/100 | Best training MMRE = 0.25640792
      Iteration  40/100 | Best training MMRE = 0.25640792
      Iteration  50/100 | Best training MMRE = 0.25640792
      Iteration  60/100 | Best training MMRE = 0.25640792
      Iteration  70/100 | Best training MMRE = 0.25608435
      Iteration  80/100 | Best training MMRE = 0.25608435
      Iteration  90/100 | Best training MMRE = 0.25608435
      Iteration 100/100 | Best training MMRE = 0.25608435
Running FAABE_NO_IWM...
      Iteration   1/100 | Best training MMRE = 0.32952622
      Iteration  10/100 | Best training MMRE = 0.25680277
      Iteration  20/100 | Best training MMRE = 0.25680277
      Iteration  30/100 | Best training MMRE = 0.25378251
      Iteration  40/100 | Best training MMRE = 0.25378251
      Iteration  50/100 | Best training MMRE = 0.25378251
      Iteration  60/100 | Best training MMRE = 0.25378251
      Iteration  70/100 | Best training MMRE = 0.25366232
      Iteration  80/100 | Best training MMRE = 0.25366232
      Iteration  90/100 | Best training MMRE = 0.25305694
      Iteration 100/100 | Best training MMRE = 0.25305694
Running FAABE_FULL...
      Iteration   1/100 | Best training MMRE = 0.29926667
      Iteration  10/100 | Best training MMRE = 0.25646925
      Iteration  20/100 | Best training MMRE = 0.25646925
      Iteration  30/100 | Best training MMRE = 0.25646925
      Iteration  40/100 | Best training MMRE = 0.25646925
      Iteration  50/100 | Best training MMRE = 0.25646925
      Iteration  60/100 | Best training MMRE = 0.25646925
      Iteration  70/100 | Best training MMRE = 0.25646925
      Iteration  80/100 | Best training MMRE = 0.25646925
      Iteration  90/100 | Best training MMRE = 0.25646925
      Iteration 100/100 | Best training MMRE = 0.25646925

==============================================================================================================
FINAL ABLATION RANKING
==============================================================================================================
 1. FAABE_NO_PEARSON     | MMRE=0.27060716 | MAE=1249.539596 | RMSE=8495.792245
 2. FAABE_NO_IWM         | MMRE=0.27374161 | MAE=1257.526454 | RMSE=8502.726810
 3. FAABE_FULL           | MMRE=0.27708887 | MAE=1260.791040 | RMSE=8499.074123
 4. ABE_BASE             | MMRE=0.52205616 | MAE=1541.672612 | RMSE=8459.691338
 5. FAABE_NO_FIREFLY     | MMRE=0.52205616 | MAE=1541.672612 | RMSE=8459.691338
