====================================================================================================
DATASET: Maxwell
====================================================================================================
Device: cuda
GPU: NVIDIA A100 80GB PCIe
Loaded: maxwell.csv
Projects: 62
Predictors (26): ['Syear', 'App', 'Har', 'Dba', 'Ifc', 'Source', 'Telonuse', 'Nlan', 'T01', 'T02', 'T03', 'T04', 'T05', 'T06', 'T07', 'T08', 'T09', 'T10', 'T11', 'T12', 'T13', 'T14', 'T15', 'Duration', 'Size', 'Time']
Target: Effort

----------------------------------------------------------------------------------------------------
OUTER FOLD 1/10 | train=55 test=7
Selected 7/26: ['Nlan', 'T07', 'T11', 'T14', 'T15', 'Duration', 'Size']

Running GA-ABE...
      GA  iter   1 | best=0.66714561 | evals=20
      GA  iter  10 | best=0.52168047 | evals=110
      GA  iter  20 | best=0.51596618 | evals=210
      GA  iter  30 | best=0.50775427 | evals=310
      GA  iter  40 | best=0.47337222 | evals=410
      GA  iter  50 | best=0.43895200 | evals=510
      GA  iter  60 | best=0.43862417 | evals=610
      GA  iter  70 | best=0.43782929 | evals=710
      GA  iter  80 | best=0.43782929 | evals=810
      GA  iter  90 | best=0.43781182 | evals=910

Running PSO-ABE...
      PSO iter   1 | best=0.59792644 | evals=20
      PSO iter  10 | best=0.44989842 | evals=110
      PSO iter  20 | best=0.44103947 | evals=210
      PSO iter  30 | best=0.42523903 | evals=310
      PSO iter  40 | best=0.42311168 | evals=410
      PSO iter  50 | best=0.42308813 | evals=510
      PSO iter  60 | best=0.42183998 | evals=610
      PSO iter  70 | best=0.42183998 | evals=710
      PSO iter  80 | best=0.42183998 | evals=810
      PSO iter  90 | best=0.42183587 | evals=910

Running DE-ABE...
      DE  iter   1 | best=0.69938558 | evals=20
      DE  iter  10 | best=0.55353534 | evals=110
      DE  iter  20 | best=0.47086388 | evals=210
      DE  iter  30 | best=0.45743927 | evals=310
      DE  iter  40 | best=0.45591512 | evals=410
      DE  iter  50 | best=0.45582184 | evals=510
      DE  iter  60 | best=0.45580763 | evals=610
      DE  iter  70 | best=0.45578840 | evals=710
      DE  iter  80 | best=0.45578662 | evals=810
      DE  iter  90 | best=0.45578524 | evals=910

Running GWO-ABE...
      GWO iter   1 | best=0.53695613 | evals=20
      GWO iter  10 | best=0.42997518 | evals=110
      GWO iter  20 | best=0.42448014 | evals=210
      GWO iter  30 | best=0.40533078 | evals=310
      GWO iter  40 | best=0.40687680 | evals=410
      GWO iter  50 | best=0.40123212 | evals=510
      GWO iter  60 | best=0.39827263 | evals=610
      GWO iter  70 | best=0.40082619 | evals=710
      GWO iter  80 | best=0.40045595 | evals=810
      GWO iter  90 | best=0.39769286 | evals=910

Running WOA-ABE...
      WOA iter   1 | best=0.72100896 | evals=20
      WOA iter  10 | best=0.46293104 | evals=110
      WOA iter  20 | best=0.42757612 | evals=210
      WOA iter  30 | best=0.42720932 | evals=310
      WOA iter  40 | best=0.42639175 | evals=410
      WOA iter  50 | best=0.42638844 | evals=510
      WOA iter  60 | best=0.42636904 | evals=610
      WOA iter  70 | best=0.42636725 | evals=710
      WOA iter  80 | best=0.42634416 | evals=810
      WOA iter  90 | best=0.42630026 | evals=910

Running FAABE...
      FA  iter   1 | best=0.65252417 | evals=20
      FA  iter  10 | best=0.47247294 | evals=110
      FA  iter  20 | best=0.40388271 | evals=210
      FA  iter  30 | best=0.40388271 | evals=310
      FA  iter  40 | best=0.40388271 | evals=410
      FA  iter  50 | best=0.40388271 | evals=510
      FA  iter  60 | best=0.40388271 | evals=610
      FA  iter  70 | best=0.40388271 | evals=710
      FA  iter  80 | best=0.40388271 | evals=810
      FA  iter  90 | best=0.40388271 | evals=910

----------------------------------------------------------------------------------------------------
OUTER FOLD 2/10 | train=55 test=7
Selected 7/26: ['Nlan', 'T07', 'T09', 'T10', 'T11', 'Duration', 'Size']

Running GA-ABE...
      GA  iter   1 | best=0.51627767 | evals=20
      GA  iter  10 | best=0.41916618 | evals=110
      GA  iter  20 | best=0.39237201 | evals=210
      GA  iter  30 | best=0.38464788 | evals=310
      GA  iter  40 | best=0.38456905 | evals=410
      GA  iter  50 | best=0.38456905 | evals=510
      GA  iter  60 | best=0.38456905 | evals=610
      GA  iter  70 | best=0.38456905 | evals=710
      GA  iter  80 | best=0.38452789 | evals=810
      GA  iter  90 | best=0.38452789 | evals=910

Running PSO-ABE...
      PSO iter   1 | best=0.51853949 | evals=20
      PSO iter  10 | best=0.36689985 | evals=110
      PSO iter  20 | best=0.36277544 | evals=210
      PSO iter  30 | best=0.36240974 | evals=310
      PSO iter  40 | best=0.36231914 | evals=410
      PSO iter  50 | best=0.36230162 | evals=510
      PSO iter  60 | best=0.36229220 | evals=610
      PSO iter  70 | best=0.36229020 | evals=710
      PSO iter  80 | best=0.36228970 | evals=810
      PSO iter  90 | best=0.36228943 | evals=910

Running DE-ABE...
      DE  iter   1 | best=0.51720560 | evals=20
      DE  iter  10 | best=0.49685743 | evals=110
      DE  iter  20 | best=0.46413183 | evals=210
      DE  iter  30 | best=0.39533672 | evals=310
      DE  iter  40 | best=0.38585925 | evals=410
      DE  iter  50 | best=0.38025489 | evals=510
      DE  iter  60 | best=0.38007858 | evals=610
      DE  iter  70 | best=0.37929678 | evals=710
      DE  iter  80 | best=0.37913606 | evals=810
      DE  iter  90 | best=0.37907508 | evals=910

Running GWO-ABE...
      GWO iter   1 | best=0.55244303 | evals=20
      GWO iter  10 | best=0.54122204 | evals=110
      GWO iter  20 | best=0.52244544 | evals=210
      GWO iter  30 | best=0.51452971 | evals=310
      GWO iter  40 | best=0.52788198 | evals=410
      GWO iter  50 | best=0.52532542 | evals=510
      GWO iter  60 | best=0.52148765 | evals=610
      GWO iter  70 | best=0.48888284 | evals=710
      GWO iter  80 | best=0.49567488 | evals=810
      GWO iter  90 | best=0.47893551 | evals=910

Running WOA-ABE...
      WOA iter   1 | best=0.53767669 | evals=20
      WOA iter  10 | best=0.36738107 | evals=110
      WOA iter  20 | best=0.36734551 | evals=210
      WOA iter  30 | best=0.36257064 | evals=310
      WOA iter  40 | best=0.36255878 | evals=410
      WOA iter  50 | best=0.36253980 | evals=510
      WOA iter  60 | best=0.36253980 | evals=610
      WOA iter  70 | best=0.36253980 | evals=710
      WOA iter  80 | best=0.36253980 | evals=810
      WOA iter  90 | best=0.36253980 | evals=910

Running FAABE...
      FA  iter   1 | best=0.57697201 | evals=20
      FA  iter  10 | best=0.42405179 | evals=110
      FA  iter  20 | best=0.41733250 | evals=210
      FA  iter  30 | best=0.41733250 | evals=310
      FA  iter  40 | best=0.41733250 | evals=410
      FA  iter  50 | best=0.41733250 | evals=510
      FA  iter  60 | best=0.41733250 | evals=610
      FA  iter  70 | best=0.41733250 | evals=710
      FA  iter  80 | best=0.41733250 | evals=810
      FA  iter  90 | best=0.41733250 | evals=910

----------------------------------------------------------------------------------------------------
OUTER FOLD 3/10 | train=56 test=6
Selected 6/26: ['T07', 'T10', 'T11', 'T15', 'Duration', 'Size']

Running GA-ABE...
      GA  iter   1 | best=0.63425648 | evals=20
      GA  iter  10 | best=0.47418416 | evals=110
      GA  iter  20 | best=0.47376484 | evals=210
      GA  iter  30 | best=0.47178802 | evals=310
      GA  iter  40 | best=0.47124696 | evals=410
      GA  iter  50 | best=0.47063297 | evals=510
      GA  iter  60 | best=0.47063297 | evals=610
      GA  iter  70 | best=0.47063297 | evals=710
      GA  iter  80 | best=0.47063297 | evals=810
      GA  iter  90 | best=0.46933904 | evals=910

Running PSO-ABE...
      PSO iter   1 | best=0.56434274 | evals=20
      PSO iter  10 | best=0.48375776 | evals=110
      PSO iter  20 | best=0.48142147 | evals=210
      PSO iter  30 | best=0.47951108 | evals=310
      PSO iter  40 | best=0.47951108 | evals=410
      PSO iter  50 | best=0.47949868 | evals=510
      PSO iter  60 | best=0.47949868 | evals=610
      PSO iter  70 | best=0.47948578 | evals=710
      PSO iter  80 | best=0.47941312 | evals=810
      PSO iter  90 | best=0.47937945 | evals=910

Running DE-ABE...
      DE  iter   1 | best=0.60886073 | evals=20
      DE  iter  10 | best=0.46601334 | evals=110
      DE  iter  20 | best=0.45757827 | evals=210
      DE  iter  30 | best=0.45750201 | evals=310
      DE  iter  40 | best=0.45743260 | evals=410
      DE  iter  50 | best=0.45737499 | evals=510
      DE  iter  60 | best=0.45736364 | evals=610
      DE  iter  70 | best=0.45735744 | evals=710
      DE  iter  80 | best=0.45735267 | evals=810
      DE  iter  90 | best=0.45735145 | evals=910

Running GWO-ABE...
      GWO iter   1 | best=0.57972705 | evals=20
      GWO iter  10 | best=0.45248470 | evals=110
      GWO iter  20 | best=0.43218961 | evals=210
      GWO iter  30 | best=0.43133634 | evals=310
      GWO iter  40 | best=0.42895955 | evals=410
      GWO iter  50 | best=0.41384277 | evals=510
      GWO iter  60 | best=0.41652635 | evals=610
      GWO iter  70 | best=0.41499990 | evals=710
      GWO iter  80 | best=0.41058052 | evals=810
      GWO iter  90 | best=0.40857488 | evals=910

Running WOA-ABE...
      WOA iter   1 | best=0.66157573 | evals=20
      WOA iter  10 | best=0.42397732 | evals=110
      WOA iter  20 | best=0.39260942 | evals=210
      WOA iter  30 | best=0.39259809 | evals=310
      WOA iter  40 | best=0.39259428 | evals=410
      WOA iter  50 | best=0.38552374 | evals=510
      WOA iter  60 | best=0.38544887 | evals=610
      WOA iter  70 | best=0.38541564 | evals=710
      WOA iter  80 | best=0.38539308 | evals=810
      WOA iter  90 | best=0.38539276 | evals=910

Running FAABE...
      FA  iter   1 | best=0.67712325 | evals=20
      FA  iter  10 | best=0.54365683 | evals=110
      FA  iter  20 | best=0.53829366 | evals=210
      FA  iter  30 | best=0.52410358 | evals=310
      FA  iter  40 | best=0.48138851 | evals=410
      FA  iter  50 | best=0.48138851 | evals=510
      FA  iter  60 | best=0.48138851 | evals=610
      FA  iter  70 | best=0.47721913 | evals=710
      FA  iter  80 | best=0.46400523 | evals=810
      FA  iter  90 | best=0.43152198 | evals=910

----------------------------------------------------------------------------------------------------
OUTER FOLD 4/10 | train=56 test=6
Selected 8/26: ['Nlan', 'T07', 'T10', 'T11', 'T14', 'T15', 'Duration', 'Size']

Running GA-ABE...
      GA  iter   1 | best=0.71224588 | evals=20
      GA  iter  10 | best=0.50570714 | evals=110
      GA  iter  20 | best=0.47757778 | evals=210
      GA  iter  30 | best=0.47290793 | evals=310
      GA  iter  40 | best=0.45442510 | evals=410
      GA  iter  50 | best=0.45377842 | evals=510
      GA  iter  60 | best=0.45370200 | evals=610
      GA  iter  70 | best=0.45115632 | evals=710
      GA  iter  80 | best=0.45068979 | evals=810
      GA  iter  90 | best=0.45068979 | evals=910

Running PSO-ABE...
      PSO iter   1 | best=0.61272186 | evals=20
      PSO iter  10 | best=0.52238357 | evals=110
      PSO iter  20 | best=0.48165706 | evals=210
      PSO iter  30 | best=0.47886255 | evals=310
      PSO iter  40 | best=0.47684431 | evals=410
      PSO iter  50 | best=0.47567263 | evals=510
      PSO iter  60 | best=0.47549918 | evals=610
      PSO iter  70 | best=0.47529992 | evals=710
      PSO iter  80 | best=0.47520190 | evals=810
      PSO iter  90 | best=0.47514638 | evals=910

Running DE-ABE...
      DE  iter   1 | best=0.62300825 | evals=20
      DE  iter  10 | best=0.49103752 | evals=110
      DE  iter  20 | best=0.46371359 | evals=210
      DE  iter  30 | best=0.46198091 | evals=310
      DE  iter  40 | best=0.45733303 | evals=410
      DE  iter  50 | best=0.45458162 | evals=510
      DE  iter  60 | best=0.45440835 | evals=610
      DE  iter  70 | best=0.44642940 | evals=710
      DE  iter  80 | best=0.44014907 | evals=810
      DE  iter  90 | best=0.43701965 | evals=910

Running GWO-ABE...
      GWO iter   1 | best=0.65945953 | evals=20
      GWO iter  10 | best=0.52797765 | evals=110
      GWO iter  20 | best=0.46958303 | evals=210
      GWO iter  30 | best=0.41892612 | evals=310
      GWO iter  40 | best=0.42585614 | evals=410
      GWO iter  50 | best=0.41221845 | evals=510
      GWO iter  60 | best=0.41609064 | evals=610
      GWO iter  70 | best=0.39553615 | evals=710
      GWO iter  80 | best=0.40077099 | evals=810
      GWO iter  90 | best=0.39720801 | evals=910

Running WOA-ABE...
      WOA iter   1 | best=0.58950931 | evals=20
      WOA iter  10 | best=0.41476476 | evals=110
      WOA iter  20 | best=0.39173776 | evals=210
      WOA iter  30 | best=0.37161845 | evals=310
      WOA iter  40 | best=0.37157342 | evals=410
      WOA iter  50 | best=0.37043336 | evals=510
      WOA iter  60 | best=0.37043336 | evals=610
      WOA iter  70 | best=0.37037435 | evals=710
      WOA iter  80 | best=0.37024724 | evals=810
      WOA iter  90 | best=0.37024492 | evals=910

Running FAABE...
      FA  iter   1 | best=0.72795510 | evals=20
      FA  iter  10 | best=0.47937307 | evals=110
      FA  iter  20 | best=0.43964368 | evals=210
      FA  iter  30 | best=0.43964368 | evals=310
      FA  iter  40 | best=0.43211544 | evals=410
      FA  iter  50 | best=0.42735189 | evals=510
      FA  iter  60 | best=0.41474476 | evals=610
      FA  iter  70 | best=0.40543917 | evals=710
      FA  iter  80 | best=0.40543917 | evals=810
      FA  iter  90 | best=0.40543917 | evals=910

----------------------------------------------------------------------------------------------------
OUTER FOLD 5/10 | train=56 test=6
Selected 6/26: ['Nlan', 'T07', 'T11', 'T14', 'Duration', 'Size']

Running GA-ABE...
      GA  iter   1 | best=0.52891731 | evals=20
      GA  iter  10 | best=0.42089444 | evals=110
      GA  iter  20 | best=0.39662990 | evals=210
      GA  iter  30 | best=0.39662966 | evals=310
      GA  iter  40 | best=0.39359987 | evals=410
      GA  iter  50 | best=0.37424162 | evals=510
      GA  iter  60 | best=0.36771604 | evals=610
      GA  iter  70 | best=0.36253256 | evals=710
      GA  iter  80 | best=0.35665596 | evals=810
      GA  iter  90 | best=0.35652345 | evals=910

Running PSO-ABE...
      PSO iter   1 | best=0.54811102 | evals=20
      PSO iter  10 | best=0.40327081 | evals=110
      PSO iter  20 | best=0.37221035 | evals=210
      PSO iter  30 | best=0.37025025 | evals=310
      PSO iter  40 | best=0.37025025 | evals=410
      PSO iter  50 | best=0.37018463 | evals=510
      PSO iter  60 | best=0.37018213 | evals=610
      PSO iter  70 | best=0.37017983 | evals=710
      PSO iter  80 | best=0.37017551 | evals=810
      PSO iter  90 | best=0.37017387 | evals=910

Running DE-ABE...
      DE  iter   1 | best=0.61043537 | evals=20
      DE  iter  10 | best=0.51112169 | evals=110
      DE  iter  20 | best=0.46585831 | evals=210
      DE  iter  30 | best=0.46196645 | evals=310
      DE  iter  40 | best=0.46140480 | evals=410
      DE  iter  50 | best=0.46127954 | evals=510
      DE  iter  60 | best=0.46126598 | evals=610
      DE  iter  70 | best=0.46126470 | evals=710
      DE  iter  80 | best=0.46125829 | evals=810
      DE  iter  90 | best=0.46125641 | evals=910

Running GWO-ABE...
      GWO iter   1 | best=0.47302377 | evals=20
      GWO iter  10 | best=0.38557318 | evals=110
      GWO iter  20 | best=0.40071094 | evals=210
      GWO iter  30 | best=0.38811085 | evals=310
      GWO iter  40 | best=0.38050434 | evals=410
      GWO iter  50 | best=0.38016275 | evals=510
      GWO iter  60 | best=0.37543920 | evals=610
      GWO iter  70 | best=0.37297949 | evals=710
      GWO iter  80 | best=0.37733325 | evals=810
      GWO iter  90 | best=0.37611690 | evals=910

Running WOA-ABE...
      WOA iter   1 | best=0.59281570 | evals=20
      WOA iter  10 | best=0.58816028 | evals=110
      WOA iter  20 | best=0.58798021 | evals=210
      WOA iter  30 | best=0.57598710 | evals=310
      WOA iter  40 | best=0.56230384 | evals=410
      WOA iter  50 | best=0.55120516 | evals=510
      WOA iter  60 | best=0.55118346 | evals=610
      WOA iter  70 | best=0.55117297 | evals=710
      WOA iter  80 | best=0.55117297 | evals=810
      WOA iter  90 | best=0.55116910 | evals=910

Running FAABE...
      FA  iter   1 | best=0.53096151 | evals=20
      FA  iter  10 | best=0.51223934 | evals=110
      FA  iter  20 | best=0.42937744 | evals=210
      FA  iter  30 | best=0.40892616 | evals=310
      FA  iter  40 | best=0.38614792 | evals=410
      FA  iter  50 | best=0.38614792 | evals=510
      FA  iter  60 | best=0.38513535 | evals=610
      FA  iter  70 | best=0.38513535 | evals=710
      FA  iter  80 | best=0.38513535 | evals=810
      FA  iter  90 | best=0.38513535 | evals=910

----------------------------------------------------------------------------------------------------
OUTER FOLD 6/10 | train=56 test=6
Selected 6/26: ['Nlan', 'T07', 'T11', 'T14', 'Duration', 'Size']

Running GA-ABE...
      GA  iter   1 | best=0.60938436 | evals=20
      GA  iter  10 | best=0.54468137 | evals=110
      GA  iter  20 | best=0.54298455 | evals=210
      GA  iter  30 | best=0.47006807 | evals=310
      GA  iter  40 | best=0.43880981 | evals=410
      GA  iter  50 | best=0.43363270 | evals=510
      GA  iter  60 | best=0.43260637 | evals=610
      GA  iter  70 | best=0.43238118 | evals=710
      GA  iter  80 | best=0.43238118 | evals=810
      GA  iter  90 | best=0.43237251 | evals=910

Running PSO-ABE...
      PSO iter   1 | best=0.59176320 | evals=20
      PSO iter  10 | best=0.47353095 | evals=110
      PSO iter  20 | best=0.46134025 | evals=210
      PSO iter  30 | best=0.45008701 | evals=310
      PSO iter  40 | best=0.44964489 | evals=410
      PSO iter  50 | best=0.44750535 | evals=510
      PSO iter  60 | best=0.44722852 | evals=610
      PSO iter  70 | best=0.44721818 | evals=710
      PSO iter  80 | best=0.44717115 | evals=810
      PSO iter  90 | best=0.44715557 | evals=910

Running DE-ABE...
      DE  iter   1 | best=0.55787015 | evals=20
      DE  iter  10 | best=0.42622778 | evals=110
      DE  iter  20 | best=0.41912299 | evals=210
      DE  iter  30 | best=0.41679826 | evals=310
      DE  iter  40 | best=0.41675699 | evals=410
      DE  iter  50 | best=0.41674992 | evals=510
      DE  iter  60 | best=0.41674840 | evals=610
      DE  iter  70 | best=0.41674373 | evals=710
      DE  iter  80 | best=0.41674206 | evals=810
      DE  iter  90 | best=0.41674098 | evals=910

Running GWO-ABE...
      GWO iter   1 | best=0.60166293 | evals=20
      GWO iter  10 | best=0.45917445 | evals=110
      GWO iter  20 | best=0.43907762 | evals=210
      GWO iter  30 | best=0.43277723 | evals=310
      GWO iter  40 | best=0.42841548 | evals=410
      GWO iter  50 | best=0.42381975 | evals=510
      GWO iter  60 | best=0.42061824 | evals=610
      GWO iter  70 | best=0.41262576 | evals=710
      GWO iter  80 | best=0.41461071 | evals=810
      GWO iter  90 | best=0.41112602 | evals=910

Running WOA-ABE...
      WOA iter   1 | best=0.59985948 | evals=20
      WOA iter  10 | best=0.47192037 | evals=110
      WOA iter  20 | best=0.44485822 | evals=210
      WOA iter  30 | best=0.43264079 | evals=310
      WOA iter  40 | best=0.43233669 | evals=410
      WOA iter  50 | best=0.43043548 | evals=510
      WOA iter  60 | best=0.43040195 | evals=610
      WOA iter  70 | best=0.43027458 | evals=710
      WOA iter  80 | best=0.43026581 | evals=810
      WOA iter  90 | best=0.43026370 | evals=910

Running FAABE...
      FA  iter   1 | best=0.69983774 | evals=20
      FA  iter  10 | best=0.52871466 | evals=110
      FA  iter  20 | best=0.52726924 | evals=210
      FA  iter  30 | best=0.52726924 | evals=310
      FA  iter  40 | best=0.45214963 | evals=410
      FA  iter  50 | best=0.43863285 | evals=510
      FA  iter  60 | best=0.42917970 | evals=610
      FA  iter  70 | best=0.42917970 | evals=710
      FA  iter  80 | best=0.42917970 | evals=810
      FA  iter  90 | best=0.42917970 | evals=910

----------------------------------------------------------------------------------------------------
OUTER FOLD 7/10 | train=56 test=6
Selected 8/26: ['Nlan', 'T07', 'T10', 'T11', 'T14', 'T15', 'Duration', 'Size']

Running GA-ABE...
      GA  iter   1 | best=0.63887161 | evals=20
      GA  iter  10 | best=0.52122140 | evals=110
      GA  iter  20 | best=0.48978809 | evals=210
      GA  iter  30 | best=0.43017378 | evals=310
      GA  iter  40 | best=0.37303445 | evals=410
      GA  iter  50 | best=0.37269866 | evals=510
      GA  iter  60 | best=0.36625662 | evals=610
      GA  iter  70 | best=0.36066058 | evals=710
      GA  iter  80 | best=0.35461918 | evals=810
      GA  iter  90 | best=0.34900859 | evals=910

Running PSO-ABE...
      PSO iter   1 | best=0.58694917 | evals=20
      PSO iter  10 | best=0.38310379 | evals=110
      PSO iter  20 | best=0.37703195 | evals=210
      PSO iter  30 | best=0.37414518 | evals=310
      PSO iter  40 | best=0.37135547 | evals=410
      PSO iter  50 | best=0.37119451 | evals=510
      PSO iter  60 | best=0.37096006 | evals=610
      PSO iter  70 | best=0.36743036 | evals=710
      PSO iter  80 | best=0.36321646 | evals=810
      PSO iter  90 | best=0.36318392 | evals=910

Running DE-ABE...
      DE  iter   1 | best=0.63774216 | evals=20
      DE  iter  10 | best=0.57659340 | evals=110
      DE  iter  20 | best=0.51904404 | evals=210
      DE  iter  30 | best=0.48937717 | evals=310
      DE  iter  40 | best=0.48037323 | evals=410
      DE  iter  50 | best=0.47736272 | evals=510
      DE  iter  60 | best=0.47576261 | evals=610
      DE  iter  70 | best=0.47568110 | evals=710
      DE  iter  80 | best=0.47565523 | evals=810
      DE  iter  90 | best=0.47562566 | evals=910

Running GWO-ABE...
      GWO iter   1 | best=0.56559932 | evals=20
      GWO iter  10 | best=0.39104047 | evals=110
      GWO iter  20 | best=0.37246352 | evals=210
      GWO iter  30 | best=0.36234972 | evals=310
      GWO iter  40 | best=0.35359004 | evals=410
      GWO iter  50 | best=0.35123241 | evals=510
      GWO iter  60 | best=0.35257262 | evals=610
      GWO iter  70 | best=0.35160431 | evals=710
      GWO iter  80 | best=0.34930345 | evals=810
      GWO iter  90 | best=0.33842832 | evals=910

Running WOA-ABE...
      WOA iter   1 | best=0.64044970 | evals=20
      WOA iter  10 | best=0.38256872 | evals=110
      WOA iter  20 | best=0.35272160 | evals=210
      WOA iter  30 | best=0.34269908 | evals=310
      WOA iter  40 | best=0.34264722 | evals=410
      WOA iter  50 | best=0.34264722 | evals=510
      WOA iter  60 | best=0.34262958 | evals=610
      WOA iter  70 | best=0.34260762 | evals=710
      WOA iter  80 | best=0.34258708 | evals=810
      WOA iter  90 | best=0.34258237 | evals=910

Running FAABE...
      FA  iter   1 | best=0.52560776 | evals=20
      FA  iter  10 | best=0.47094297 | evals=110
      FA  iter  20 | best=0.41356522 | evals=210
      FA  iter  30 | best=0.40440485 | evals=310
      FA  iter  40 | best=0.39914611 | evals=410
      FA  iter  50 | best=0.38599983 | evals=510
      FA  iter  60 | best=0.38599983 | evals=610
      FA  iter  70 | best=0.38599983 | evals=710
      FA  iter  80 | best=0.36054772 | evals=810
      FA  iter  90 | best=0.36054772 | evals=910

----------------------------------------------------------------------------------------------------
OUTER FOLD 8/10 | train=56 test=6
Selected 8/26: ['Nlan', 'T07', 'T10', 'T11', 'T14', 'T15', 'Duration', 'Size']

Running GA-ABE...
      GA  iter   1 | best=0.54765993 | evals=20
      GA  iter  10 | best=0.47661817 | evals=110
      GA  iter  20 | best=0.47298780 | evals=210
      GA  iter  30 | best=0.44688445 | evals=310
      GA  iter  40 | best=0.41927660 | evals=410
      GA  iter  50 | best=0.41450244 | evals=510
      GA  iter  60 | best=0.38855597 | evals=610
      GA  iter  70 | best=0.35083619 | evals=710
      GA  iter  80 | best=0.35083047 | evals=810
      GA  iter  90 | best=0.33751923 | evals=910

Running PSO-ABE...
      PSO iter   1 | best=0.56681371 | evals=20
      PSO iter  10 | best=0.38323528 | evals=110
      PSO iter  20 | best=0.37747779 | evals=210
      PSO iter  30 | best=0.37513658 | evals=310
      PSO iter  40 | best=0.37401217 | evals=410
      PSO iter  50 | best=0.37401217 | evals=510
      PSO iter  60 | best=0.37401217 | evals=610
      PSO iter  70 | best=0.37401217 | evals=710
      PSO iter  80 | best=0.37401217 | evals=810
      PSO iter  90 | best=0.37284786 | evals=910

Running DE-ABE...
      DE  iter   1 | best=0.63940680 | evals=20
      DE  iter  10 | best=0.51782686 | evals=110
      DE  iter  20 | best=0.49719840 | evals=210
      DE  iter  30 | best=0.48529768 | evals=310
      DE  iter  40 | best=0.47696385 | evals=410
      DE  iter  50 | best=0.47692111 | evals=510
      DE  iter  60 | best=0.47688562 | evals=610
      DE  iter  70 | best=0.47685111 | evals=710
      DE  iter  80 | best=0.47683018 | evals=810
      DE  iter  90 | best=0.47682360 | evals=910

Running GWO-ABE...
      GWO iter   1 | best=0.54193997 | evals=20
      GWO iter  10 | best=0.43226817 | evals=110
      GWO iter  20 | best=0.37296617 | evals=210
      GWO iter  30 | best=0.34187311 | evals=310
      GWO iter  40 | best=0.34698066 | evals=410
      GWO iter  50 | best=0.34712067 | evals=510
      GWO iter  60 | best=0.32328576 | evals=610
      GWO iter  70 | best=0.31596586 | evals=710
      GWO iter  80 | best=0.32568383 | evals=810
      GWO iter  90 | best=0.32897246 | evals=910

Running WOA-ABE...
      WOA iter   1 | best=0.54342002 | evals=20
      WOA iter  10 | best=0.42252797 | evals=110
      WOA iter  20 | best=0.38193402 | evals=210
      WOA iter  30 | best=0.37389964 | evals=310
      WOA iter  40 | best=0.37375805 | evals=410
      WOA iter  50 | best=0.35699165 | evals=510
      WOA iter  60 | best=0.35696748 | evals=610
      WOA iter  70 | best=0.35695925 | evals=710
      WOA iter  80 | best=0.35692862 | evals=810
      WOA iter  90 | best=0.35690728 | evals=910

Running FAABE...
      FA  iter   1 | best=0.51627171 | evals=20
      FA  iter  10 | best=0.46675766 | evals=110
      FA  iter  20 | best=0.44578093 | evals=210
      FA  iter  30 | best=0.42818424 | evals=310
      FA  iter  40 | best=0.40913442 | evals=410
      FA  iter  50 | best=0.40546098 | evals=510
      FA  iter  60 | best=0.40546098 | evals=610
      FA  iter  70 | best=0.38375300 | evals=710
      FA  iter  80 | best=0.38375300 | evals=810
      FA  iter  90 | best=0.38375300 | evals=910

----------------------------------------------------------------------------------------------------
OUTER FOLD 9/10 | train=56 test=6
Selected 7/26: ['T01', 'T07', 'T08', 'T11', 'T14', 'Duration', 'Size']

Running GA-ABE...
      GA  iter   1 | best=0.75361699 | evals=20
      GA  iter  10 | best=0.62124789 | evals=110
      GA  iter  20 | best=0.60945922 | evals=210
      GA  iter  30 | best=0.59153152 | evals=310
      GA  iter  40 | best=0.54299104 | evals=410
      GA  iter  50 | best=0.49115643 | evals=510
      GA  iter  60 | best=0.47925270 | evals=610
      GA  iter  70 | best=0.47925270 | evals=710
      GA  iter  80 | best=0.47921717 | evals=810
      GA  iter  90 | best=0.47921717 | evals=910

Running PSO-ABE...
      PSO iter   1 | best=0.72851050 | evals=20
      PSO iter  10 | best=0.54969114 | evals=110
      PSO iter  20 | best=0.49101472 | evals=210
      PSO iter  30 | best=0.48909879 | evals=310
      PSO iter  40 | best=0.48909879 | evals=410
      PSO iter  50 | best=0.48907879 | evals=510
      PSO iter  60 | best=0.48907575 | evals=610
      PSO iter  70 | best=0.48907506 | evals=710
      PSO iter  80 | best=0.48907167 | evals=810
      PSO iter  90 | best=0.48907045 | evals=910

Running DE-ABE...
      DE  iter   1 | best=0.64833510 | evals=20
      DE  iter  10 | best=0.57825005 | evals=110
      DE  iter  20 | best=0.52003819 | evals=210
      DE  iter  30 | best=0.49775946 | evals=310
      DE  iter  40 | best=0.47357219 | evals=410
      DE  iter  50 | best=0.46858478 | evals=510
      DE  iter  60 | best=0.46850505 | evals=610
      DE  iter  70 | best=0.46838593 | evals=710
      DE  iter  80 | best=0.46833214 | evals=810
      DE  iter  90 | best=0.46829489 | evals=910

Running GWO-ABE...
      GWO iter   1 | best=0.65571159 | evals=20
      GWO iter  10 | best=0.48071408 | evals=110
      GWO iter  20 | best=0.48744792 | evals=210
      GWO iter  30 | best=0.47301629 | evals=310
      GWO iter  40 | best=0.46788198 | evals=410
      GWO iter  50 | best=0.46654239 | evals=510
      GWO iter  60 | best=0.47113591 | evals=610
      GWO iter  70 | best=0.45794848 | evals=710
      GWO iter  80 | best=0.45655754 | evals=810
      GWO iter  90 | best=0.45731553 | evals=910

Running WOA-ABE...
      WOA iter   1 | best=0.56026399 | evals=20
      WOA iter  10 | best=0.46185842 | evals=110
      WOA iter  20 | best=0.46058831 | evals=210
      WOA iter  30 | best=0.46005979 | evals=310
      WOA iter  40 | best=0.45975852 | evals=410
      WOA iter  50 | best=0.45970824 | evals=510
      WOA iter  60 | best=0.45970824 | evals=610
      WOA iter  70 | best=0.45969349 | evals=710
      WOA iter  80 | best=0.45937839 | evals=810
      WOA iter  90 | best=0.45904350 | evals=910

Running FAABE...
      FA  iter   1 | best=0.61343956 | evals=20
      FA  iter  10 | best=0.47810078 | evals=110
      FA  iter  20 | best=0.47810078 | evals=210
      FA  iter  30 | best=0.47810078 | evals=310
      FA  iter  40 | best=0.47810078 | evals=410
      FA  iter  50 | best=0.47810078 | evals=510
      FA  iter  60 | best=0.47810078 | evals=610
      FA  iter  70 | best=0.47629628 | evals=710
      FA  iter  80 | best=0.47629628 | evals=810
      FA  iter  90 | best=0.47629628 | evals=910

----------------------------------------------------------------------------------------------------
OUTER FOLD 10/10 | train=56 test=6
Selected 6/26: ['Nlan', 'T07', 'T11', 'T14', 'Duration', 'Size']

Running GA-ABE...
      GA  iter   1 | best=0.63366872 | evals=20
      GA  iter  10 | best=0.57755280 | evals=110
      GA  iter  20 | best=0.57710707 | evals=210
      GA  iter  30 | best=0.52644986 | evals=310
      GA  iter  40 | best=0.51118809 | evals=410
      GA  iter  50 | best=0.49294290 | evals=510
      GA  iter  60 | best=0.47508696 | evals=610
      GA  iter  70 | best=0.47362328 | evals=710
      GA  iter  80 | best=0.47362176 | evals=810
      GA  iter  90 | best=0.47036165 | evals=910

Running PSO-ABE...
      PSO iter   1 | best=0.66079199 | evals=20
      PSO iter  10 | best=0.51728290 | evals=110
      PSO iter  20 | best=0.46101364 | evals=210
      PSO iter  30 | best=0.46101364 | evals=310
      PSO iter  40 | best=0.46095264 | evals=410
      PSO iter  50 | best=0.46091032 | evals=510
      PSO iter  60 | best=0.46086347 | evals=610
      PSO iter  70 | best=0.45873845 | evals=710
      PSO iter  80 | best=0.45871559 | evals=810
      PSO iter  90 | best=0.45870727 | evals=910

Running DE-ABE...
      DE  iter   1 | best=0.72525138 | evals=20
      DE  iter  10 | best=0.55484557 | evals=110
      DE  iter  20 | best=0.53803420 | evals=210
      DE  iter  30 | best=0.53057134 | evals=310
      DE  iter  40 | best=0.52552819 | evals=410
      DE  iter  50 | best=0.52545410 | evals=510
      DE  iter  60 | best=0.52538079 | evals=610
      DE  iter  70 | best=0.52536011 | evals=710
      DE  iter  80 | best=0.52534997 | evals=810
      DE  iter  90 | best=0.52534795 | evals=910

Running GWO-ABE...
      GWO iter   1 | best=0.67368621 | evals=20
      GWO iter  10 | best=0.42695996 | evals=110
      GWO iter  20 | best=0.43064693 | evals=210
      GWO iter  30 | best=0.42922214 | evals=310
      GWO iter  40 | best=0.42938805 | evals=410
      GWO iter  50 | best=0.42909101 | evals=510
      GWO iter  60 | best=0.41961020 | evals=610
      GWO iter  70 | best=0.42754379 | evals=710
      GWO iter  80 | best=0.41915211 | evals=810
      GWO iter  90 | best=0.42282778 | evals=910

Running WOA-ABE...
      WOA iter   1 | best=0.62943107 | evals=20
      WOA iter  10 | best=0.43157846 | evals=110
      WOA iter  20 | best=0.42015785 | evals=210
      WOA iter  30 | best=0.41449600 | evals=310
      WOA iter  40 | best=0.41103733 | evals=410
      WOA iter  50 | best=0.41095051 | evals=510
      WOA iter  60 | best=0.40990680 | evals=610
      WOA iter  70 | best=0.40977481 | evals=710
      WOA iter  80 | best=0.40972644 | evals=810
      WOA iter  90 | best=0.40723595 | evals=910

Running FAABE...
      FA  iter   1 | best=0.73182893 | evals=20
      FA  iter  10 | best=0.53335172 | evals=110
      FA  iter  20 | best=0.51267141 | evals=210
      FA  iter  30 | best=0.43181455 | evals=310
      FA  iter  40 | best=0.43175822 | evals=410
      FA  iter  50 | best=0.43175822 | evals=510
      FA  iter  60 | best=0.43175822 | evals=610
      FA  iter  70 | best=0.43175822 | evals=710
      FA  iter  80 | best=0.43175822 | evals=810
      FA  iter  90 | best=0.43175822 | evals=910

FINAL RANKING
 MMRE_Rank  Method     MMRE         MAE        RMSE
         1  GA-ABE 0.523747 3525.637787 6784.271655
         2 WOA-ABE 0.535022 3548.224861 6218.142353
         3 GWO-ABE 0.537557 3417.010577 6711.442881
         4 PSO-ABE 0.562781 3330.994625 6004.738181
         5   FAABE 0.672211 3103.987407 5433.739305
         6  DE-ABE 0.683955 3655.986035 6283.115668
         7     ABE 0.797683 4308.216974 8121.709386

FAABE VS BASELINES
Dataset Baseline Proposed  Valid_Pairs  Baseline_MMRE  FAABE_MMRE  FAABE_MMRE_Improvement_%  Wilcoxon_Statistic  Wilcoxon_p  Cliffs_Delta Cliffs_Effect  Wilcoxon_p_Holm  Significant_Holm_0.05
Maxwell      ABE    FAABE           62       0.797683    0.672211                 15.729485               642.0    0.019017      0.259625         Small         0.114100                  False
Maxwell   GA-ABE    FAABE           62       0.523747    0.672211                -28.346537               944.0    0.819755      0.055151    Negligible         1.000000                  False
Maxwell  PSO-ABE    FAABE           62       0.562781    0.672211                -19.444499               853.0    0.386563      0.093132    Negligible         1.000000                  False
Maxwell   DE-ABE    FAABE           62       0.683955    0.672211                  1.717004               774.0    0.155683      0.117586    Negligible         0.778414                  False
Maxwell  GWO-ABE    FAABE           62       0.537557    0.672211                -25.049314               817.0    0.263453     -0.005723    Negligible         1.000000                  False
Maxwell  WOA-ABE    FAABE           62       0.535022    0.672211                -25.641770               869.0    0.451035      0.073361    Negligible         1.000000                  False
